---
source: src/catalog.rs
expression: catalog.list_tools().tools
---
[
  {
    "name": "rocketmq_upsert_topic",
    "title": "Upsert RocketMQ topic",
    "description": "Dry-run or conditionally replace a complete Topic configuration on selected cluster masters.",
    "inputSchema": {
      "$defs": {
        "TopicMessageType": {
          "enum": [
            "NORMAL",
            "FIFO",
            "DELAY",
            "TRANSACTION",
            "UNSPECIFIED"
          ],
          "type": "string"
        }
      },
      "$schema": "https://json-schema.org/draft/2020-12/schema",
      "additionalProperties": false,
      "properties": {
        "broker_names": {
          "items": {
            "maxLength": 127,
            "minLength": 1,
            "pattern": "^[%|a-zA-Z0-9_-]+$",
            "type": "string"
          },
          "maxItems": 64,
          "minItems": 1,
          "type": "array"
        },
        "cluster": {
          "maxLength": 64,
          "minLength": 1,
          "pattern": "^[a-zA-Z0-9_-]+$",
          "type": "string"
        },
        "confirm": {
          "default": false,
          "type": "boolean"
        },
        "dry_run": {
          "default": true,
          "type": "boolean"
        },
        "message_type": {
          "$ref": "#/$defs/TopicMessageType"
        },
        "order": {
          "type": "boolean"
        },
        "perm": {
          "format": "uint32",
          "maximum": 7,
          "minimum": 1,
          "type": "integer"
        },
        "read_queue_nums": {
          "format": "uint32",
          "maximum": 127,
          "minimum": 1,
          "type": "integer"
        },
        "reason": {
          "default": null,
          "maxLength": 256,
          "minLength": 5,
          "type": [
            "string",
            "null"
          ]
        },
        "request_key": {
          "default": null,
          "maxLength": 64,
          "minLength": 8,
          "pattern": "^[a-zA-Z0-9._:-]+$",
          "type": [
            "string",
            "null"
          ]
        },
        "schema_version": {
          "pattern": "^rocketmq-mcp-control\\.arguments\\.v1$",
          "type": "string"
        },
        "topic": {
          "maxLength": 127,
          "minLength": 1,
          "pattern": "^[%|a-zA-Z0-9_-]+$",
          "type": "string"
        },
        "write_queue_nums": {
          "format": "uint32",
          "maximum": 127,
          "minimum": 1,
          "type": "integer"
        }
      },
      "required": [
        "schema_version",
        "cluster",
        "topic",
        "broker_names",
        "read_queue_nums",
        "write_queue_nums",
        "perm",
        "order",
        "message_type"
      ],
      "type": "object"
    },
    "outputSchema": {
      "$defs": {
        "ControlErrorCode": {
          "enum": [
            "invalid_config",
            "request_rejected",
            "unauthorized",
            "permission_denied",
            "cluster_not_allowed",
            "operation_not_allowed",
            "mutation_disabled",
            "operation_unavailable",
            "confirmation_required",
            "invalid_argument",
            "audit_unavailable",
            "precondition_conflict",
            "partial_apply",
            "verification_failed",
            "timeout",
            "cancelled",
            "execution_failed",
            "shutdown_failed"
          ],
          "type": "string"
        },
        "FailureCode": {
          "enum": [
            "conflict",
            "invalid_data",
            "unavailable",
            "persistence_failed",
            "verification_failed",
            "order_reconciliation_failed"
          ],
          "type": "string"
        },
        "LogicalMutationTarget": {
          "additionalProperties": false,
          "properties": {
            "broker_name": {
              "type": "string"
            }
          },
          "required": [
            "broker_name"
          ],
          "type": "object"
        },
        "MutationMode": {
          "enum": [
            "dry_run",
            "execute"
          ],
          "type": "string"
        },
        "MutationResultSchemaVersion": {
          "const": "rocketmq-mcp-mutation.v1",
          "type": "string"
        },
        "MutationStatus": {
          "enum": [
            "planned",
            "applied",
            "partial",
            "conflict",
            "failed"
          ],
          "type": "string"
        },
        "MutationTarget": {
          "additionalProperties": false,
          "properties": {
            "after": {
              "anyOf": [
                {
                  "$ref": "#/$defs/VisibleState"
                },
                {
                  "type": "null"
                }
              ]
            },
            "applied": {
              "type": "boolean"
            },
            "before": {
              "$ref": "#/$defs/VisibleState"
            },
            "changed": {
              "type": "boolean"
            },
            "failure": {
              "anyOf": [
                {
                  "$ref": "#/$defs/FailureCode"
                },
                {
                  "type": "null"
                }
              ]
            },
            "persistence": {
              "$ref": "#/$defs/PersistenceState"
            },
            "requested": {
              "$ref": "#/$defs/TopicReplacement"
            },
            "retryable": {
              "type": "boolean"
            },
            "target": {
              "$ref": "#/$defs/LogicalMutationTarget"
            },
            "verification": {
              "$ref": "#/$defs/VerificationState"
            }
          },
          "required": [
            "target",
            "before",
            "requested",
            "applied",
            "changed",
            "persistence",
            "verification",
            "retryable"
          ],
          "type": "object"
        },
        "PersistenceState": {
          "enum": [
            "not_required",
            "persisted",
            "failed"
          ],
          "type": "string"
        },
        "TopicMessageType": {
          "enum": [
            "NORMAL",
            "FIFO",
            "DELAY",
            "TRANSACTION",
            "UNSPECIFIED"
          ],
          "type": "string"
        },
        "TopicMutationResource": {
          "additionalProperties": false,
          "properties": {
            "brokers": {
              "items": {
                "type": "string"
              },
              "type": "array"
            },
            "topic": {
              "type": "string"
            }
          },
          "required": [
            "topic",
            "brokers"
          ],
          "type": "object"
        },
        "TopicReplacement": {
          "additionalProperties": false,
          "properties": {
            "message_type": {
              "$ref": "#/$defs/TopicMessageType"
            },
            "order": {
              "type": "boolean"
            },
            "perm": {
              "format": "uint32",
              "maximum": 7,
              "minimum": 1,
              "type": "integer"
            },
            "read_queue_nums": {
              "format": "uint32",
              "maximum": 127,
              "minimum": 1,
              "type": "integer"
            },
            "write_queue_nums": {
              "format": "uint32",
              "maximum": 127,
              "minimum": 1,
              "type": "integer"
            }
          },
          "required": [
            "read_queue_nums",
            "write_queue_nums",
            "perm",
            "order",
            "message_type"
          ],
          "type": "object"
        },
        "TopicUpsertOperation": {
          "const": "topic_upsert",
          "type": "string"
        },
        "VerificationState": {
          "enum": [
            "not_performed",
            "verified",
            "failed"
          ],
          "type": "string"
        },
        "VisibleState": {
          "oneOf": [
            {
              "properties": {
                "kind": {
                  "const": "unknown",
                  "type": "string"
                }
              },
              "required": [
                "kind"
              ],
              "type": "object"
            },
            {
              "properties": {
                "kind": {
                  "const": "absent",
                  "type": "string"
                }
              },
              "required": [
                "kind"
              ],
              "type": "object"
            },
            {
              "properties": {
                "kind": {
                  "const": "present",
                  "type": "string"
                },
                "value": {
                  "$ref": "#/$defs/TopicReplacement"
                },
                "version": {
                  "format": "uint64",
                  "minimum": 0,
                  "type": "integer"
                }
              },
              "required": [
                "kind",
                "version",
                "value"
              ],
              "type": "object"
            }
          ]
        }
      },
      "$schema": "https://json-schema.org/draft/2020-12/schema",
      "additionalProperties": false,
      "properties": {
        "after": {
          "additionalProperties": {
            "$ref": "#/$defs/VisibleState"
          },
          "type": "object"
        },
        "before": {
          "additionalProperties": {
            "$ref": "#/$defs/VisibleState"
          },
          "type": "object"
        },
        "cluster": {
          "type": "string"
        },
        "error_code": {
          "anyOf": [
            {
              "$ref": "#/$defs/ControlErrorCode"
            },
            {
              "type": "null"
            }
          ]
        },
        "mode": {
          "$ref": "#/$defs/MutationMode"
        },
        "operation": {
          "$ref": "#/$defs/TopicUpsertOperation"
        },
        "requested": {
          "$ref": "#/$defs/TopicReplacement"
        },
        "schema_version": {
          "$ref": "#/$defs/MutationResultSchemaVersion"
        },
        "status": {
          "$ref": "#/$defs/MutationStatus"
        },
        "target": {
          "$ref": "#/$defs/TopicMutationResource"
        },
        "targets": {
          "items": {
            "$ref": "#/$defs/MutationTarget"
          },
          "type": "array"
        },
        "warnings": {
          "items": {
            "type": "string"
          },
          "type": "array"
        }
      },
      "required": [
        "schema_version",
        "operation",
        "cluster",
        "mode",
        "status",
        "error_code",
        "target",
        "before",
        "requested",
        "after",
        "targets",
        "warnings"
      ],
      "type": "object"
    },
    "annotations": {
      "title": "Upsert RocketMQ topic",
      "readOnlyHint": false,
      "destructiveHint": true,
      "idempotentHint": true,
      "openWorldHint": true
    }
  },
  {
    "name": "rocketmq_upsert_consumer_group",
    "title": "Upsert RocketMQ consumer group",
    "description": "Dry-run or conditionally replace a complete Consumer Group configuration on selected cluster masters.",
    "inputSchema": {
      "$schema": "https://json-schema.org/draft/2020-12/schema",
      "additionalProperties": false,
      "properties": {
        "broker_id": {
          "format": "uint64",
          "minimum": 0,
          "type": "integer"
        },
        "broker_names": {
          "items": {
            "maxLength": 127,
            "minLength": 1,
            "pattern": "^[%|a-zA-Z0-9_-]+$",
            "type": "string"
          },
          "maxItems": 64,
          "minItems": 1,
          "type": "array"
        },
        "cluster": {
          "maxLength": 64,
          "minLength": 1,
          "pattern": "^[a-zA-Z0-9_-]+$",
          "type": "string"
        },
        "confirm": {
          "default": false,
          "type": "boolean"
        },
        "consume_broadcast_enable": {
          "type": "boolean"
        },
        "consume_enable": {
          "type": "boolean"
        },
        "consume_from_min_enable": {
          "type": "boolean"
        },
        "consume_message_orderly": {
          "type": "boolean"
        },
        "consume_timeout_minute": {
          "format": "int32",
          "maximum": 10080,
          "minimum": 1,
          "type": "integer"
        },
        "consumer_group": {
          "maxLength": 255,
          "minLength": 1,
          "pattern": "^[%|a-zA-Z0-9_-]+$",
          "type": "string"
        },
        "dry_run": {
          "default": true,
          "type": "boolean"
        },
        "group_sys_flag": {
          "format": "int32",
          "type": "integer"
        },
        "notify_consumer_ids_changed_enable": {
          "type": "boolean"
        },
        "reason": {
          "default": null,
          "maxLength": 256,
          "minLength": 5,
          "type": [
            "string",
            "null"
          ]
        },
        "request_key": {
          "default": null,
          "maxLength": 64,
          "minLength": 8,
          "pattern": "^[a-zA-Z0-9._:-]+$",
          "type": [
            "string",
            "null"
          ]
        },
        "retry_max_times": {
          "format": "int32",
          "maximum": 10000,
          "minimum": -1,
          "type": "integer"
        },
        "retry_queue_nums": {
          "format": "int32",
          "maximum": 127,
          "minimum": 0,
          "type": "integer"
        },
        "schema_version": {
          "pattern": "^rocketmq-mcp-control\\.arguments\\.v1$",
          "type": "string"
        },
        "which_broker_when_consume_slowly": {
          "format": "uint64",
          "minimum": 0,
          "type": "integer"
        }
      },
      "required": [
        "schema_version",
        "cluster",
        "consumer_group",
        "broker_names",
        "consume_enable",
        "consume_from_min_enable",
        "consume_broadcast_enable",
        "consume_message_orderly",
        "retry_queue_nums",
        "retry_max_times",
        "broker_id",
        "which_broker_when_consume_slowly",
        "notify_consumer_ids_changed_enable",
        "group_sys_flag",
        "consume_timeout_minute"
      ],
      "type": "object"
    },
    "outputSchema": {
      "$defs": {
        "ConsumerGroupMutationResource": {
          "additionalProperties": false,
          "properties": {
            "brokers": {
              "items": {
                "type": "string"
              },
              "type": "array"
            },
            "consumer_group": {
              "type": "string"
            }
          },
          "required": [
            "consumer_group",
            "brokers"
          ],
          "type": "object"
        },
        "ConsumerGroupReplacement": {
          "additionalProperties": false,
          "properties": {
            "broker_id": {
              "format": "uint64",
              "minimum": 0,
              "type": "integer"
            },
            "consume_broadcast_enable": {
              "type": "boolean"
            },
            "consume_enable": {
              "type": "boolean"
            },
            "consume_from_min_enable": {
              "type": "boolean"
            },
            "consume_message_orderly": {
              "type": "boolean"
            },
            "consume_timeout_minute": {
              "format": "int32",
              "maximum": 10080,
              "minimum": 1,
              "type": "integer"
            },
            "group_sys_flag": {
              "format": "int32",
              "type": "integer"
            },
            "notify_consumer_ids_changed_enable": {
              "type": "boolean"
            },
            "retry_max_times": {
              "format": "int32",
              "maximum": 10000,
              "minimum": -1,
              "type": "integer"
            },
            "retry_queue_nums": {
              "format": "int32",
              "maximum": 127,
              "minimum": 0,
              "type": "integer"
            },
            "which_broker_when_consume_slowly": {
              "format": "uint64",
              "minimum": 0,
              "type": "integer"
            }
          },
          "required": [
            "consume_enable",
            "consume_from_min_enable",
            "consume_broadcast_enable",
            "consume_message_orderly",
            "retry_queue_nums",
            "retry_max_times",
            "broker_id",
            "which_broker_when_consume_slowly",
            "notify_consumer_ids_changed_enable",
            "group_sys_flag",
            "consume_timeout_minute"
          ],
          "type": "object"
        },
        "ConsumerGroupUpsertOperation": {
          "const": "consumer_group_upsert",
          "type": "string"
        },
        "ControlErrorCode": {
          "enum": [
            "invalid_config",
            "request_rejected",
            "unauthorized",
            "permission_denied",
            "cluster_not_allowed",
            "operation_not_allowed",
            "mutation_disabled",
            "operation_unavailable",
            "confirmation_required",
            "invalid_argument",
            "audit_unavailable",
            "precondition_conflict",
            "partial_apply",
            "verification_failed",
            "timeout",
            "cancelled",
            "execution_failed",
            "shutdown_failed"
          ],
          "type": "string"
        },
        "FailureCode": {
          "enum": [
            "conflict",
            "invalid_data",
            "unavailable",
            "persistence_failed",
            "verification_failed",
            "order_reconciliation_failed"
          ],
          "type": "string"
        },
        "LogicalMutationTarget": {
          "additionalProperties": false,
          "properties": {
            "broker_name": {
              "type": "string"
            }
          },
          "required": [
            "broker_name"
          ],
          "type": "object"
        },
        "MutationMode": {
          "enum": [
            "dry_run",
            "execute"
          ],
          "type": "string"
        },
        "MutationResultSchemaVersion": {
          "const": "rocketmq-mcp-mutation.v1",
          "type": "string"
        },
        "MutationStatus": {
          "enum": [
            "planned",
            "applied",
            "partial",
            "conflict",
            "failed"
          ],
          "type": "string"
        },
        "MutationTarget": {
          "additionalProperties": false,
          "properties": {
            "after": {
              "anyOf": [
                {
                  "$ref": "#/$defs/VisibleState"
                },
                {
                  "type": "null"
                }
              ]
            },
            "applied": {
              "type": "boolean"
            },
            "before": {
              "$ref": "#/$defs/VisibleState"
            },
            "changed": {
              "type": "boolean"
            },
            "failure": {
              "anyOf": [
                {
                  "$ref": "#/$defs/FailureCode"
                },
                {
                  "type": "null"
                }
              ]
            },
            "persistence": {
              "$ref": "#/$defs/PersistenceState"
            },
            "requested": {
              "$ref": "#/$defs/ConsumerGroupReplacement"
            },
            "retryable": {
              "type": "boolean"
            },
            "target": {
              "$ref": "#/$defs/LogicalMutationTarget"
            },
            "verification": {
              "$ref": "#/$defs/VerificationState"
            }
          },
          "required": [
            "target",
            "before",
            "requested",
            "applied",
            "changed",
            "persistence",
            "verification",
            "retryable"
          ],
          "type": "object"
        },
        "PersistenceState": {
          "enum": [
            "not_required",
            "persisted",
            "failed"
          ],
          "type": "string"
        },
        "VerificationState": {
          "enum": [
            "not_performed",
            "verified",
            "failed"
          ],
          "type": "string"
        },
        "VisibleState": {
          "oneOf": [
            {
              "properties": {
                "kind": {
                  "const": "unknown",
                  "type": "string"
                }
              },
              "required": [
                "kind"
              ],
              "type": "object"
            },
            {
              "properties": {
                "kind": {
                  "const": "absent",
                  "type": "string"
                }
              },
              "required": [
                "kind"
              ],
              "type": "object"
            },
            {
              "properties": {
                "kind": {
                  "const": "present",
                  "type": "string"
                },
                "value": {
                  "$ref": "#/$defs/ConsumerGroupReplacement"
                },
                "version": {
                  "format": "uint64",
                  "minimum": 0,
                  "type": "integer"
                }
              },
              "required": [
                "kind",
                "version",
                "value"
              ],
              "type": "object"
            }
          ]
        }
      },
      "$schema": "https://json-schema.org/draft/2020-12/schema",
      "additionalProperties": false,
      "properties": {
        "after": {
          "additionalProperties": {
            "$ref": "#/$defs/VisibleState"
          },
          "type": "object"
        },
        "before": {
          "additionalProperties": {
            "$ref": "#/$defs/VisibleState"
          },
          "type": "object"
        },
        "cluster": {
          "type": "string"
        },
        "error_code": {
          "anyOf": [
            {
              "$ref": "#/$defs/ControlErrorCode"
            },
            {
              "type": "null"
            }
          ]
        },
        "mode": {
          "$ref": "#/$defs/MutationMode"
        },
        "operation": {
          "$ref": "#/$defs/ConsumerGroupUpsertOperation"
        },
        "requested": {
          "$ref": "#/$defs/ConsumerGroupReplacement"
        },
        "schema_version": {
          "$ref": "#/$defs/MutationResultSchemaVersion"
        },
        "status": {
          "$ref": "#/$defs/MutationStatus"
        },
        "target": {
          "$ref": "#/$defs/ConsumerGroupMutationResource"
        },
        "targets": {
          "items": {
            "$ref": "#/$defs/MutationTarget"
          },
          "type": "array"
        },
        "warnings": {
          "items": {
            "type": "string"
          },
          "type": "array"
        }
      },
      "required": [
        "schema_version",
        "operation",
        "cluster",
        "mode",
        "status",
        "error_code",
        "target",
        "before",
        "requested",
        "after",
        "targets",
        "warnings"
      ],
      "type": "object"
    },
    "annotations": {
      "title": "Upsert RocketMQ consumer group",
      "readOnlyHint": false,
      "destructiveHint": true,
      "idempotentHint": true,
      "openWorldHint": true
    }
  },
  {
    "name": "rocketmq_reset_consumer_offset",
    "title": "Reset RocketMQ consumer offset",
    "description": "Dry-run or conditionally reset exact consumer queue offsets from a sealed RFC3339 preview.",
    "inputSchema": {
      "$schema": "https://json-schema.org/draft/2020-12/schema",
      "additionalProperties": false,
      "properties": {
        "cluster": {
          "maxLength": 64,
          "minLength": 1,
          "pattern": "^[a-zA-Z0-9_-]+$",
          "type": "string"
        },
        "confirm": {
          "default": false,
          "type": "boolean"
        },
        "consumer_group": {
          "maxLength": 255,
          "minLength": 1,
          "pattern": "^[%|a-zA-Z0-9_-]+$",
          "type": "string"
        },
        "dry_run": {
          "default": true,
          "type": "boolean"
        },
        "force": {
          "default": false,
          "type": "boolean"
        },
        "reason": {
          "default": null,
          "maxLength": 256,
          "minLength": 5,
          "type": [
            "string",
            "null"
          ]
        },
        "request_key": {
          "default": null,
          "maxLength": 64,
          "minLength": 8,
          "pattern": "^[a-zA-Z0-9._:-]+$",
          "type": [
            "string",
            "null"
          ]
        },
        "schema_version": {
          "pattern": "^rocketmq-mcp-control\\.arguments\\.v1$",
          "type": "string"
        },
        "timestamp": {
          "maxLength": 40,
          "minLength": 20,
          "type": "string"
        },
        "topic": {
          "maxLength": 127,
          "minLength": 1,
          "pattern": "^[%|a-zA-Z0-9_-]+$",
          "type": "string"
        }
      },
      "required": [
        "schema_version",
        "cluster",
        "topic",
        "consumer_group",
        "timestamp"
      ],
      "type": "object"
    },
    "outputSchema": {
      "$defs": {
        "ConsumerOffsetResetOperation": {
          "const": "consumer_offset_reset",
          "type": "string"
        },
        "ControlErrorCode": {
          "enum": [
            "invalid_config",
            "request_rejected",
            "unauthorized",
            "permission_denied",
            "cluster_not_allowed",
            "operation_not_allowed",
            "mutation_disabled",
            "operation_unavailable",
            "confirmation_required",
            "invalid_argument",
            "audit_unavailable",
            "precondition_conflict",
            "partial_apply",
            "verification_failed",
            "timeout",
            "cancelled",
            "execution_failed",
            "shutdown_failed"
          ],
          "type": "string"
        },
        "FailureCode": {
          "enum": [
            "conflict",
            "invalid_data",
            "unavailable",
            "persistence_failed",
            "verification_failed",
            "order_reconciliation_failed"
          ],
          "type": "string"
        },
        "MutationMode": {
          "enum": [
            "dry_run",
            "execute"
          ],
          "type": "string"
        },
        "MutationResultSchemaVersion": {
          "const": "rocketmq-mcp-mutation.v1",
          "type": "string"
        },
        "MutationStatus": {
          "enum": [
            "planned",
            "applied",
            "partial",
            "conflict",
            "failed"
          ],
          "type": "string"
        },
        "OffsetMutationTarget": {
          "additionalProperties": false,
          "properties": {
            "after": {
              "anyOf": [
                {
                  "format": "int64",
                  "type": "integer"
                },
                {
                  "type": "null"
                }
              ]
            },
            "applied": {
              "type": "boolean"
            },
            "before": {
              "anyOf": [
                {
                  "format": "int64",
                  "type": "integer"
                },
                {
                  "type": "null"
                }
              ]
            },
            "broker_name": {
              "type": "string"
            },
            "changed": {
              "type": "boolean"
            },
            "delta": {
              "anyOf": [
                {
                  "format": "int64",
                  "type": "integer"
                },
                {
                  "type": "null"
                }
              ]
            },
            "failure": {
              "anyOf": [
                {
                  "$ref": "#/$defs/FailureCode"
                },
                {
                  "type": "null"
                }
              ]
            },
            "planned": {
              "anyOf": [
                {
                  "format": "int64",
                  "type": "integer"
                },
                {
                  "type": "null"
                }
              ]
            },
            "queue_id": {
              "anyOf": [
                {
                  "format": "int32",
                  "type": "integer"
                },
                {
                  "type": "null"
                }
              ]
            },
            "retryable": {
              "type": "boolean"
            }
          },
          "required": [
            "broker_name",
            "queue_id",
            "before",
            "planned",
            "delta",
            "after",
            "applied",
            "changed",
            "failure",
            "retryable"
          ],
          "type": "object"
        },
        "OffsetQueueState": {
          "additionalProperties": false,
          "properties": {
            "broker_name": {
              "type": "string"
            },
            "offset": {
              "format": "int64",
              "type": "integer"
            },
            "queue_id": {
              "format": "int32",
              "type": "integer"
            }
          },
          "required": [
            "broker_name",
            "queue_id",
            "offset"
          ],
          "type": "object"
        },
        "OffsetRequested": {
          "additionalProperties": false,
          "properties": {
            "force": {
              "type": "boolean"
            },
            "timestamp": {
              "type": "string"
            },
            "timestamp_millis": {
              "format": "int64",
              "type": "integer"
            }
          },
          "required": [
            "timestamp",
            "timestamp_millis",
            "force"
          ],
          "type": "object"
        },
        "OffsetResetResource": {
          "additionalProperties": false,
          "properties": {
            "brokers": {
              "items": {
                "type": "string"
              },
              "type": "array"
            },
            "consumer_group": {
              "type": "string"
            },
            "topic": {
              "type": "string"
            }
          },
          "required": [
            "topic",
            "consumer_group",
            "brokers"
          ],
          "type": "object"
        }
      },
      "$schema": "https://json-schema.org/draft/2020-12/schema",
      "additionalProperties": false,
      "properties": {
        "after": {
          "anyOf": [
            {
              "items": {
                "$ref": "#/$defs/OffsetQueueState"
              },
              "type": "array"
            },
            {
              "type": "null"
            }
          ]
        },
        "before": {
          "items": {
            "$ref": "#/$defs/OffsetQueueState"
          },
          "type": "array"
        },
        "cluster": {
          "type": "string"
        },
        "error_code": {
          "anyOf": [
            {
              "$ref": "#/$defs/ControlErrorCode"
            },
            {
              "type": "null"
            }
          ]
        },
        "mode": {
          "$ref": "#/$defs/MutationMode"
        },
        "operation": {
          "$ref": "#/$defs/ConsumerOffsetResetOperation"
        },
        "requested": {
          "$ref": "#/$defs/OffsetRequested"
        },
        "schema_version": {
          "$ref": "#/$defs/MutationResultSchemaVersion"
        },
        "status": {
          "$ref": "#/$defs/MutationStatus"
        },
        "target": {
          "$ref": "#/$defs/OffsetResetResource"
        },
        "targets": {
          "items": {
            "$ref": "#/$defs/OffsetMutationTarget"
          },
          "type": "array"
        },
        "warnings": {
          "items": {
            "type": "string"
          },
          "type": "array"
        }
      },
      "required": [
        "schema_version",
        "operation",
        "cluster",
        "mode",
        "status",
        "error_code",
        "target",
        "before",
        "requested",
        "after",
        "targets",
        "warnings"
      ],
      "type": "object"
    },
    "annotations": {
      "title": "Reset RocketMQ consumer offset",
      "readOnlyHint": false,
      "destructiveHint": true,
      "idempotentHint": true,
      "openWorldHint": true
    }
  },
  {
    "name": "rocketmq_patch_broker_config",
    "title": "Patch RocketMQ Broker configuration",
    "description": "Dry-run or generation-conditionally patch six allowlisted settings on one logical Broker.",
    "inputSchema": {
      "$defs": {
        "BrokerConfigProperties": {
          "additionalProperties": false,
          "properties": {
            "autoCreateSubscriptionGroup": {
              "default": null,
              "type": "string"
            },
            "autoCreateTopicEnable": {
              "default": null,
              "type": "string"
            },
            "brokerPermission": {
              "default": null,
              "type": "string"
            },
            "defaultTopicQueueNums": {
              "default": null,
              "type": "string"
            },
            "messageIndexEnable": {
              "default": null,
              "type": "string"
            },
            "traceTopicEnable": {
              "default": null,
              "type": "string"
            }
          },
          "type": "object"
        }
      },
      "$schema": "https://json-schema.org/draft/2020-12/schema",
      "additionalProperties": false,
      "properties": {
        "broker_name": {
          "maxLength": 127,
          "minLength": 1,
          "pattern": "^[%|a-zA-Z0-9_-]+$",
          "type": "string"
        },
        "cluster": {
          "maxLength": 64,
          "minLength": 1,
          "pattern": "^[a-zA-Z0-9_-]+$",
          "type": "string"
        },
        "confirm": {
          "default": false,
          "type": "boolean"
        },
        "dry_run": {
          "default": true,
          "type": "boolean"
        },
        "properties": {
          "$ref": "#/$defs/BrokerConfigProperties"
        },
        "reason": {
          "default": null,
          "maxLength": 256,
          "minLength": 5,
          "type": [
            "string",
            "null"
          ]
        },
        "request_key": {
          "default": null,
          "maxLength": 64,
          "minLength": 8,
          "pattern": "^[a-zA-Z0-9._:-]+$",
          "type": [
            "string",
            "null"
          ]
        },
        "schema_version": {
          "pattern": "^rocketmq-mcp-control\\.arguments\\.v1$",
          "type": "string"
        }
      },
      "required": [
        "schema_version",
        "cluster",
        "broker_name",
        "properties"
      ],
      "type": "object"
    },
    "outputSchema": {
      "$defs": {
        "BrokerConfigMutationTarget": {
          "additionalProperties": false,
          "properties": {
            "after": {
              "anyOf": [
                {
                  "$ref": "#/$defs/BrokerConfigState"
                },
                {
                  "type": "null"
                }
              ]
            },
            "applied": {
              "type": "boolean"
            },
            "before": {
              "anyOf": [
                {
                  "$ref": "#/$defs/BrokerConfigState"
                },
                {
                  "type": "null"
                }
              ]
            },
            "broker_name": {
              "type": "string"
            },
            "changed": {
              "type": "boolean"
            },
            "failure": {
              "anyOf": [
                {
                  "$ref": "#/$defs/FailureCode"
                },
                {
                  "type": "null"
                }
              ]
            },
            "persistence": {
              "$ref": "#/$defs/PersistenceState"
            },
            "requested": {
              "$ref": "#/$defs/BrokerConfigPatch"
            },
            "retryable": {
              "type": "boolean"
            },
            "verification": {
              "$ref": "#/$defs/VerificationState"
            }
          },
          "required": [
            "broker_name",
            "before",
            "requested",
            "after",
            "applied",
            "changed",
            "persistence",
            "verification",
            "failure",
            "retryable"
          ],
          "type": "object"
        },
        "BrokerConfigPatch": {
          "additionalProperties": false,
          "properties": {
            "autoCreateSubscriptionGroup": {
              "type": [
                "boolean",
                "null"
              ]
            },
            "autoCreateTopicEnable": {
              "type": [
                "boolean",
                "null"
              ]
            },
            "brokerPermission": {
              "format": "uint32",
              "minimum": 0,
              "type": [
                "integer",
                "null"
              ]
            },
            "defaultTopicQueueNums": {
              "format": "uint32",
              "minimum": 0,
              "type": [
                "integer",
                "null"
              ]
            },
            "messageIndexEnable": {
              "type": [
                "boolean",
                "null"
              ]
            },
            "traceTopicEnable": {
              "type": [
                "boolean",
                "null"
              ]
            }
          },
          "type": "object"
        },
        "BrokerConfigPatchOperation": {
          "const": "broker_config_patch",
          "type": "string"
        },
        "BrokerConfigResource": {
          "additionalProperties": false,
          "properties": {
            "broker_name": {
              "type": "string"
            }
          },
          "required": [
            "broker_name"
          ],
          "type": "object"
        },
        "BrokerConfigState": {
          "additionalProperties": false,
          "properties": {
            "autoCreateSubscriptionGroup": {
              "type": "boolean"
            },
            "autoCreateTopicEnable": {
              "type": "boolean"
            },
            "brokerPermission": {
              "format": "uint32",
              "minimum": 0,
              "type": "integer"
            },
            "defaultTopicQueueNums": {
              "format": "uint32",
              "minimum": 0,
              "type": "integer"
            },
            "generation": {
              "format": "uint64",
              "minimum": 0,
              "type": "integer"
            },
            "messageIndexEnable": {
              "type": "boolean"
            },
            "traceTopicEnable": {
              "type": "boolean"
            }
          },
          "required": [
            "generation",
            "autoCreateTopicEnable",
            "autoCreateSubscriptionGroup",
            "brokerPermission",
            "defaultTopicQueueNums",
            "messageIndexEnable",
            "traceTopicEnable"
          ],
          "type": "object"
        },
        "ControlErrorCode": {
          "enum": [
            "invalid_config",
            "request_rejected",
            "unauthorized",
            "permission_denied",
            "cluster_not_allowed",
            "operation_not_allowed",
            "mutation_disabled",
            "operation_unavailable",
            "confirmation_required",
            "invalid_argument",
            "audit_unavailable",
            "precondition_conflict",
            "partial_apply",
            "verification_failed",
            "timeout",
            "cancelled",
            "execution_failed",
            "shutdown_failed"
          ],
          "type": "string"
        },
        "FailureCode": {
          "enum": [
            "conflict",
            "invalid_data",
            "unavailable",
            "persistence_failed",
            "verification_failed",
            "order_reconciliation_failed"
          ],
          "type": "string"
        },
        "MutationMode": {
          "enum": [
            "dry_run",
            "execute"
          ],
          "type": "string"
        },
        "MutationResultSchemaVersion": {
          "const": "rocketmq-mcp-mutation.v1",
          "type": "string"
        },
        "MutationStatus": {
          "enum": [
            "planned",
            "applied",
            "partial",
            "conflict",
            "failed"
          ],
          "type": "string"
        },
        "PersistenceState": {
          "enum": [
            "not_required",
            "persisted",
            "failed"
          ],
          "type": "string"
        },
        "VerificationState": {
          "enum": [
            "not_performed",
            "verified",
            "failed"
          ],
          "type": "string"
        }
      },
      "$schema": "https://json-schema.org/draft/2020-12/schema",
      "additionalProperties": false,
      "properties": {
        "after": {
          "anyOf": [
            {
              "additionalProperties": {
                "$ref": "#/$defs/BrokerConfigState"
              },
              "type": "object"
            },
            {
              "type": "null"
            }
          ]
        },
        "before": {
          "additionalProperties": {
            "$ref": "#/$defs/BrokerConfigState"
          },
          "type": "object"
        },
        "cluster": {
          "type": "string"
        },
        "error_code": {
          "anyOf": [
            {
              "$ref": "#/$defs/ControlErrorCode"
            },
            {
              "type": "null"
            }
          ]
        },
        "mode": {
          "$ref": "#/$defs/MutationMode"
        },
        "operation": {
          "$ref": "#/$defs/BrokerConfigPatchOperation"
        },
        "requested": {
          "$ref": "#/$defs/BrokerConfigPatch"
        },
        "schema_version": {
          "$ref": "#/$defs/MutationResultSchemaVersion"
        },
        "status": {
          "$ref": "#/$defs/MutationStatus"
        },
        "target": {
          "$ref": "#/$defs/BrokerConfigResource"
        },
        "targets": {
          "items": {
            "$ref": "#/$defs/BrokerConfigMutationTarget"
          },
          "type": "array"
        },
        "warnings": {
          "items": {
            "type": "string"
          },
          "type": "array"
        }
      },
      "required": [
        "schema_version",
        "operation",
        "cluster",
        "mode",
        "status",
        "error_code",
        "target",
        "before",
        "requested",
        "after",
        "targets",
        "warnings"
      ],
      "type": "object"
    },
    "annotations": {
      "title": "Patch RocketMQ Broker configuration",
      "readOnlyHint": false,
      "destructiveHint": true,
      "idempotentHint": true,
      "openWorldHint": true
    }
  },
  {
    "name": "rocketmq_set_consumer_request_mode",
    "title": "Set RocketMQ consumer request mode",
    "description": "Dry-run or conditionally set pull/pop request mode on validated cluster masters.",
    "inputSchema": {
      "$defs": {
        "ConsumerRequestMode": {
          "enum": [
            "pull",
            "pop"
          ],
          "type": "string"
        }
      },
      "$schema": "https://json-schema.org/draft/2020-12/schema",
      "additionalProperties": false,
      "properties": {
        "cluster": {
          "maxLength": 64,
          "minLength": 1,
          "pattern": "^[a-zA-Z0-9_-]+$",
          "type": "string"
        },
        "confirm": {
          "default": false,
          "type": "boolean"
        },
        "consumer_group": {
          "maxLength": 255,
          "minLength": 1,
          "pattern": "^[%|a-zA-Z0-9_-]+$",
          "type": "string"
        },
        "dry_run": {
          "default": true,
          "type": "boolean"
        },
        "mode": {
          "$ref": "#/$defs/ConsumerRequestMode"
        },
        "pop_share_queue_num": {
          "format": "int32",
          "minimum": 0,
          "type": "integer"
        },
        "reason": {
          "default": null,
          "maxLength": 256,
          "minLength": 5,
          "type": [
            "string",
            "null"
          ]
        },
        "request_key": {
          "default": null,
          "maxLength": 64,
          "minLength": 8,
          "pattern": "^[a-zA-Z0-9._:-]+$",
          "type": [
            "string",
            "null"
          ]
        },
        "schema_version": {
          "pattern": "^rocketmq-mcp-control\\.arguments\\.v1$",
          "type": "string"
        },
        "timeout_millis": {
          "format": "uint64",
          "maximum": 24000,
          "minimum": 1,
          "type": "integer"
        },
        "topic": {
          "maxLength": 127,
          "minLength": 1,
          "pattern": "^[%|a-zA-Z0-9_-]+$",
          "type": "string"
        }
      },
      "required": [
        "schema_version",
        "cluster",
        "topic",
        "consumer_group",
        "mode",
        "pop_share_queue_num",
        "timeout_millis"
      ],
      "type": "object"
    },
    "outputSchema": {
      "$defs": {
        "ConsumerRequestMode": {
          "enum": [
            "pull",
            "pop"
          ],
          "type": "string"
        },
        "ConsumerRequestModeOperation": {
          "const": "consumer_request_mode",
          "type": "string"
        },
        "ControlErrorCode": {
          "enum": [
            "invalid_config",
            "request_rejected",
            "unauthorized",
            "permission_denied",
            "cluster_not_allowed",
            "operation_not_allowed",
            "mutation_disabled",
            "operation_unavailable",
            "confirmation_required",
            "invalid_argument",
            "audit_unavailable",
            "precondition_conflict",
            "partial_apply",
            "verification_failed",
            "timeout",
            "cancelled",
            "execution_failed",
            "shutdown_failed"
          ],
          "type": "string"
        },
        "FailureCode": {
          "enum": [
            "conflict",
            "invalid_data",
            "unavailable",
            "persistence_failed",
            "verification_failed",
            "order_reconciliation_failed"
          ],
          "type": "string"
        },
        "MutationMode": {
          "enum": [
            "dry_run",
            "execute"
          ],
          "type": "string"
        },
        "MutationResultSchemaVersion": {
          "const": "rocketmq-mcp-mutation.v1",
          "type": "string"
        },
        "MutationStatus": {
          "enum": [
            "planned",
            "applied",
            "partial",
            "conflict",
            "failed"
          ],
          "type": "string"
        },
        "PersistenceState": {
          "enum": [
            "not_required",
            "persisted",
            "failed"
          ],
          "type": "string"
        },
        "RequestModeMutationTarget": {
          "additionalProperties": false,
          "properties": {
            "after": {
              "anyOf": [
                {
                  "$ref": "#/$defs/RequestModeValue"
                },
                {
                  "type": "null"
                }
              ]
            },
            "applied": {
              "type": "boolean"
            },
            "before": {
              "anyOf": [
                {
                  "$ref": "#/$defs/RequestModeValue"
                },
                {
                  "type": "null"
                }
              ]
            },
            "broker_name": {
              "type": "string"
            },
            "changed": {
              "type": "boolean"
            },
            "failure": {
              "anyOf": [
                {
                  "$ref": "#/$defs/FailureCode"
                },
                {
                  "type": "null"
                }
              ]
            },
            "persistence": {
              "$ref": "#/$defs/PersistenceState"
            },
            "requested": {
              "$ref": "#/$defs/RequestModeValue"
            },
            "retryable": {
              "type": "boolean"
            },
            "verification": {
              "$ref": "#/$defs/VerificationState"
            }
          },
          "required": [
            "broker_name",
            "before",
            "requested",
            "after",
            "applied",
            "changed",
            "persistence",
            "verification",
            "failure",
            "retryable"
          ],
          "type": "object"
        },
        "RequestModeRequested": {
          "additionalProperties": false,
          "properties": {
            "mode": {
              "$ref": "#/$defs/ConsumerRequestMode"
            },
            "pop_share_queue_num": {
              "format": "int32",
              "type": "integer"
            },
            "timeout_millis": {
              "format": "uint64",
              "maximum": 24000,
              "minimum": 1,
              "type": "integer"
            }
          },
          "required": [
            "mode",
            "pop_share_queue_num",
            "timeout_millis"
          ],
          "type": "object"
        },
        "RequestModeResource": {
          "additionalProperties": false,
          "properties": {
            "brokers": {
              "items": {
                "type": "string"
              },
              "type": "array"
            },
            "consumer_group": {
              "type": "string"
            },
            "topic": {
              "type": "string"
            }
          },
          "required": [
            "topic",
            "consumer_group",
            "brokers"
          ],
          "type": "object"
        },
        "RequestModeValue": {
          "additionalProperties": false,
          "properties": {
            "mode": {
              "$ref": "#/$defs/ConsumerRequestMode"
            },
            "pop_share_queue_num": {
              "format": "int32",
              "type": "integer"
            }
          },
          "required": [
            "mode",
            "pop_share_queue_num"
          ],
          "type": "object"
        },
        "VerificationState": {
          "enum": [
            "not_performed",
            "verified",
            "failed"
          ],
          "type": "string"
        }
      },
      "$schema": "https://json-schema.org/draft/2020-12/schema",
      "additionalProperties": false,
      "properties": {
        "after": {
          "anyOf": [
            {
              "additionalProperties": {
                "anyOf": [
                  {
                    "$ref": "#/$defs/RequestModeValue"
                  },
                  {
                    "type": "null"
                  }
                ]
              },
              "type": "object"
            },
            {
              "type": "null"
            }
          ]
        },
        "before": {
          "additionalProperties": {
            "anyOf": [
              {
                "$ref": "#/$defs/RequestModeValue"
              },
              {
                "type": "null"
              }
            ]
          },
          "type": "object"
        },
        "cluster": {
          "type": "string"
        },
        "error_code": {
          "anyOf": [
            {
              "$ref": "#/$defs/ControlErrorCode"
            },
            {
              "type": "null"
            }
          ]
        },
        "mode": {
          "$ref": "#/$defs/MutationMode"
        },
        "operation": {
          "$ref": "#/$defs/ConsumerRequestModeOperation"
        },
        "requested": {
          "$ref": "#/$defs/RequestModeRequested"
        },
        "schema_version": {
          "$ref": "#/$defs/MutationResultSchemaVersion"
        },
        "status": {
          "$ref": "#/$defs/MutationStatus"
        },
        "target": {
          "$ref": "#/$defs/RequestModeResource"
        },
        "targets": {
          "items": {
            "$ref": "#/$defs/RequestModeMutationTarget"
          },
          "type": "array"
        },
        "warnings": {
          "items": {
            "type": "string"
          },
          "type": "array"
        }
      },
      "required": [
        "schema_version",
        "operation",
        "cluster",
        "mode",
        "status",
        "error_code",
        "target",
        "before",
        "requested",
        "after",
        "targets",
        "warnings"
      ],
      "type": "object"
    },
    "annotations": {
      "title": "Set RocketMQ consumer request mode",
      "readOnlyHint": false,
      "destructiveHint": true,
      "idempotentHint": true,
      "openWorldHint": true
    }
  }
]
